A,B,B0,B1,C,C0,C1
a
A
A->aB0
B->aB0
B0->aB1
B1->aC
C->aC0
C0->aC1
C1->#
