0,1,2,3,4,5,6
0
6
0,a,2
1,a,2
2,a,3
3,a,4
4,a,5
5,a,6
