0,1,2,3,4,5,6,7
0
7
0,a,1
0,b,2
1,b,3
2,a,7
3,b,4
4,a,5
5,b,6
6,a,7
7,a,0
7,b,3
