0,1,2,3,4
0
1,4
0,a,2
0,b,0
0,b,1
2,a,3
2,b,2
3,a,0
3,a,4
3,b,3
