A,A0,B,B0,B1,B2,S,S0,S1,S2
a,b
S
A->aA
A->bA0
A->bB
A0->#
B->#
B->aB1
B->bB0
B0->aB
B1->aB2
B2->aA
S->aS0
S->aS2
S->bS1
S0->bA
S1->bB
S2->#
