0,1,2,3,4,5,6,7,8,9
6
1,2,9
0,a,0
0,b,1
0,b,2
2,a,4
2,b,3
3,a,2
4,a,5
5,a,0
6,a,7
6,a,9
6,b,8
7,b,0
8,b,2
