0,1,2,3,4,5
0
0,3
0,a,1
0,a,4
0,c,5
1,b,2
2,c,3
4,a,4
4,c,5
5,b,0
