0,1,2,3,4,5,6,7,8
0
8
0,a,1
0,a,2
1,a,3
2,c,3
3,b,4
4,c,5
5,a,6
6,b,7
7,c,8
